data/xml/opml/library/podcast-novels/podiobooks.com/sci-fi:mystery.opml
data/xml/opml/library/podcast-novels/public-domain/librivox.opml
data/xml/opml/library/podcast-novels/podcast-novels.opml
data/xml/opml/library/authors/Timothy Callahan.opml
data/xml/opml/library/authors/p.g.holyfield.opml
data/xml/opml/library/authors/Remy Gibson.opml
data/xml/opml/library/authors/jennifer-hudock.opml
data/xml/opml/library/authors/Drew Beatty.opml
data/xml/opml/library/authors/Mur Lafferty.opml
data/xml/opml/library/authors/matt-wallace.opml
data/xml/opml/library/audio-dramas/sci-fi.opml
data/xml/opml/library/audio-dramas/Audio Drama Talk.opml
data/xml/opml/library/audio-dramas/Audio Dramas.opml
data/xml/opml/library/audio-dramas/Old Time Radio.opml
data/xml/opml/library/audio-dramas/Fan Series/Star Trek.opml
data/xml/opml/library/audio-dramas/comedy.opml
data/xml/opml/library/audio-fiction/sci-fi.opml
data/xml/opml/library/audio-fiction/a-lil-odd_a-lil-twisted.opml
data/xml/opml/library/audio-fiction/Short Stories & Essays.opml
data/xml/opml/library/studios/Curious Echos.opml
data/xml/opml/library/studios/Cossmass Productions.opml
data/xml/opml/library/studios/darker-projects.opml
data/xml/opml/library/studios/decoder-ring-theatre.opml
data/xml/opml/library/studios/kung-fu-action-theatre.opml
data/xml/opml/library/studios/between-the-lines-studios.opml
data/xml/opml/library/studios/Kung Fu Action Theatre.opml
data/xml/opml/library/studios/Star Trek: Hidden Frontier.opml
data/xml/opml/library/studios/Dream Realm Enterprises.opml
data/xml/opml/library/studios/brokensea.com.opml
data/xml/opml/library/mythology.opml
data/xml/opml/podcasts/chicGeekChicks.opml
data/xml/opml/podcasts/WFMU.opml
data/xml/opml/podcasts/Game Development.opml
data/xml/opml/podcasts/OurMedia.Org.opml
data/xml/opml/podcasts/online-culture/gimpgirls-and-disability.opml
data/xml/opml/podcasts/online-culture/Fancasts/Browncoats.opml
data/xml/opml/podcasts/online-culture/Fancasts/horror.opml
data/xml/opml/podcasts/online-culture/ChicGeekChicks.opml
data/xml/opml/podcasts/technology/index.opml
data/xml/opml/podcasts/technology/Gaming.opml
data/xml/opml/podcasts/technology/networks/PodTech.com.opml
data/xml/opml/podcasts/technology/networks/The Conversations Network.opml
data/xml/opml/podcasts/technology/networks/ziff-davis.opml
data/xml/opml/podcasts/technology/networks/IGN.opml
data/xml/opml/podcasts/technology/networks/O'Reilly.opml
data/xml/opml/podcasts/technology/Tech Conferences Talks &amp; Speeches.opml
data/xml/opml/podcasts/technology/online-culture.opml
data/xml/opml/podcasts/technology/Hacking and Modding.opml
data/xml/opml/podcasts/technology/oss-culture.opml
data/xml/opml/podcasts/technology/technologyreview.com.opml
data/xml/opml/podcasts/PC Games.opml
data/xml/opml/podcasts/Role Playing.opml
data/xml/opml/podcasts/science/uber-nerdy.opml
data/xml/opml/podcasts/science/skeptical.opml
data/xml/opml/podcasts/science/Astronomy.opml
data/xml/opml/podcasts/science/naked-scientists.opml
data/xml/opml/podcasts/science/NASA.opml
data/xml/opml/podcasts/science/atheism.opml
data/xml/opml/podcasts/science/sciam.opml
data/xml/opml/podcasts/science/Discovery Channel.opml
data/xml/opml/podcasts/science/science.opml
data/xml/opml/podcasts/art/programming-design/Python.opml
data/xml/opml/podcasts/art/programming-design/Web Design, Programming, & Development.opml
data/xml/opml/podcasts/art/programming-design/PHP.opml
data/xml/opml/podcasts/art/programming-design/security.opml
data/xml/opml/podcasts/art/programming-design/programming.opml
data/xml/opml/podcasts/Intellectual.opml
data/xml/opml/podcasts/Art/Writing.opml
data/xml/opml/podcasts/Art/Art.opml
data/xml/opml/podcasts/uberChicks.opml
data/xml/opml/podcasts/open-source/Linux.opml
data/xml/opml/podcasts/open-source/My Faves.opml
data/xml/opml/podcasts/Entertainment.opml
data/xml/opml/podcasts/Discovery Channel.opml
data/xml/opml/podcasts/Podcasting.opml
data/xml/opml/podcasts/Not-for-profit.opml
data/xml/opml/podcasts/Conversational.opml
data/xml/opml/podcasts/Sex &amp; Relationships.opml
data/xml/opml/podcasts/Archive.Org.opml
data/xml/opml/podcasts/ABC.net.au.opml
data/xml/opml/ip.tv/technology/hacking-and-modding.opml
data/xml/opml/ip.tv/indie-and-online-movies.opml
data/xml/opml/ip.tv/science/index.opml
data/xml/opml/ip.tv/science/nova.opml
data/xml/opml/radiocasts/international.opml
data/xml/opml/radiocasts/pri/theworld.org.opml
data/xml/opml/music/cd-baby.opml
data/xml/opml/music/Streaming.opml
data/xml/opml/music/Virtual Festivals.opml
data/xml/opml/music/Opsound.org.opml
data/xml/opml/vodcasts/Technology/Hacking and Modding.opml
data/xml/opml/vodcasts/Online Culture/Online Culture.opml
data/xml/opml/vodcasts/Online Television/index.opml
data/xml/opml/vodcasts/Online Television/ABC.net.au Vodcasts.opml
